2026-09-26 22:57:34,190 | INFO | Program dimulai.
2026-09-26 22:57:34,198 | INFO | Memulai download database wilayah.
2026-09-26 23:10:49,808 | ERROR | Gagal district 12.13: HTTPSConnectionPool(host='wilayah.id', port=443): Max retries exceeded with url: /api/districts/12.13.json (Caused by SSLError(SSLEOFError(8, '[SSL: UNEXPECTED_EOF_WHILE_READING] EOF occurred in violation of protocol (_ssl.c:1006)')))
2026-09-26 23:11:02,965 | ERROR | Gagal village 12.14.02: HTTPSConnectionPool(host='wilayah.id', port=443): Max retries exceeded with url: /api/villages/12.14.02.json (Caused by SSLError(SSLEOFError(8, '[SSL: UNEXPECTED_EOF_WHILE_READING] EOF occurred in violation of protocol (_ssl.c:1006)')))
2026-09-26 23:11:11,194 | ERROR | Gagal village 12.14.03: HTTPSConnectionPool(host='wilayah.id', port=443): Max retries exceeded with url: /api/villages/12.14.03.json (Caused by SSLError(SSLEOFError(8, '[SSL: UNEXPECTED_EOF_WHILE_READING] EOF occurred in violation of protocol (_ssl.c:1006)')))
2026-09-26 23:11:16,554 | ERROR | Gagal village 12.14.04: HTTPSConnectionPool(host='wilayah.id', port=443): Max retries exceeded with url: /api/villages/12.14.04.json (Caused by SSLError(SSLEOFError(8, '[SSL: UNEXPECTED_EOF_WHILE_READING] EOF occurred in violation of protocol (_ssl.c:1006)')))
2026-09-26 23:15:07,046 | ERROR | Gagal village 12.18.14: HTTPSConnectionPool(host='wilayah.id', port=443): Max retries exceeded with url: /api/villages/12.18.14.json (Caused by SSLError(SSLEOFError(8, '[SSL: UNEXPECTED_EOF_WHILE_READING] EOF occurred in violation of protocol (_ssl.c:1006)')))
2026-09-26 23:19:43,775 | ERROR | Gagal district 12.71: HTTPSConnectionPool(host='wilayah.id', port=443): Max retries exceeded with url: /api/districts/12.71.json (Caused by SSLError(SSLEOFError(8, '[SSL: UNEXPECTED_EOF_WHILE_READING] EOF occurred in violation of protocol (_ssl.c:1006)')))
2026-09-26 23:20:10,309 | ERROR | Gagal district 12.72: HTTPSConnectionPool(host='wilayah.id', port=443): Max retries exceeded with url: /api/districts/12.72.json (Caused by SSLError(SSLEOFError(8, '[SSL: UNEXPECTED_EOF_WHILE_READING] EOF occurred in violation of protocol (_ssl.c:1006)')))
2026-09-26 23:20:37,399 | ERROR | Gagal district 12.73: HTTPSConnectionPool(host='wilayah.id', port=443): Max retries exceeded with url: /api/districts/12.73.json (Caused by SSLError(SSLEOFError(8, '[SSL: UNEXPECTED_EOF_WHILE_READING] EOF occurred in violation of protocol (_ssl.c:1006)')))
2026-09-26 23:21:04,696 | ERROR | Gagal district 12.74: HTTPSConnectionPool(host='wilayah.id', port=443): Max retries exceeded with url: /api/districts/12.74.json (Caused by SSLError(SSLEOFError(8, '[SSL: UNEXPECTED_EOF_WHILE_READING] EOF occurred in violation of protocol (_ssl.c:1006)')))
2026-09-26 23:21:25,969 | ERROR | Gagal district 12.75: HTTPSConnectionPool(host='wilayah.id', port=443): Max retries exceeded with url: /api/districts/12.75.json (Caused by SSLError(SSLEOFError(8, '[SSL: UNEXPECTED_EOF_WHILE_READING] EOF occurred in violation of protocol (_ssl.c:1006)')))
2026-09-26 23:21:48,842 | ERROR | Gagal district 12.76: HTTPSConnectionPool(host='wilayah.id', port=443): Max retries exceeded with url: /api/districts/12.76.json (Caused by SSLError(SSLEOFError(8, '[SSL: UNEXPECTED_EOF_WHILE_READING] EOF occurred in violation of protocol (_ssl.c:1006)')))
2026-09-26 23:22:15,305 | ERROR | Gagal district 12.77: HTTPSConnectionPool(host='wilayah.id', port=443): Max retries exceeded with url: /api/districts/12.77.json (Caused by SSLError(SSLEOFError(8, '[SSL: UNEXPECTED_EOF_WHILE_READING] EOF occurred in violation of protocol (_ssl.c:1006)')))
2026-09-26 23:22:42,828 | ERROR | Gagal district 12.78: HTTPSConnectionPool(host='wilayah.id', port=443): Max retries exceeded with url: /api/districts/12.78.json (Caused by SSLError(SSLEOFError(8, '[SSL: UNEXPECTED_EOF_WHILE_READING] EOF occurred in violation of protocol (_ssl.c:1006)')))
2026-09-26 23:23:10,112 | ERROR | Gagal mengambil regency 13: HTTPSConnectionPool(host='wilayah.id', port=443): Max retries exceeded with url: /api/regencies/13.json (Caused by SSLError(SSLEOFError(8, '[SSL: UNEXPECTED_EOF_WHILE_READING] EOF occurred in violation of protocol (_ssl.c:1006)')))
2026-09-26 23:23:38,539 | ERROR | Gagal mengambil regency 14: HTTPSConnectionPool(host='wilayah.id', port=443): Max retries exceeded with url: /api/regencies/14.json (Caused by SSLError(SSLEOFError(8, '[SSL: UNEXPECTED_EOF_WHILE_READING] EOF occurred in violation of protocol (_ssl.c:1006)')))
2026-09-26 23:24:06,878 | ERROR | Gagal mengambil regency 15: HTTPSConnectionPool(host='wilayah.id', port=443): Max retries exceeded with url: /api/regencies/15.json (Caused by SSLError(SSLEOFError(8, '[SSL: UNEXPECTED_EOF_WHILE_READING] EOF occurred in violation of protocol (_ssl.c:1006)')))
2026-09-26 23:24:32,124 | ERROR | Gagal mengambil regency 16: HTTPSConnectionPool(host='wilayah.id', port=443): Max retries exceeded with url: /api/regencies/16.json (Caused by SSLError(SSLEOFError(8, '[SSL: UNEXPECTED_EOF_WHILE_READING] EOF occurred in violation of protocol (_ssl.c:1006)')))
2026-09-26 23:25:00,120 | ERROR | Gagal mengambil regency 17: HTTPSConnectionPool(host='wilayah.id', port=443): Max retries exceeded with url: /api/regencies/17.json (Caused by SSLError(SSLEOFError(8, '[SSL: UNEXPECTED_EOF_WHILE_READING] EOF occurred in violation of protocol (_ssl.c:1006)')))
2026-09-26 23:25:28,510 | ERROR | Gagal mengambil regency 18: HTTPSConnectionPool(host='wilayah.id', port=443): Max retries exceeded with url: /api/regencies/18.json (Caused by SSLError(SSLEOFError(8, '[SSL: UNEXPECTED_EOF_WHILE_READING] EOF occurred in violation of protocol (_ssl.c:1006)')))
2026-09-26 23:25:55,879 | ERROR | Gagal mengambil regency 19: HTTPSConnectionPool(host='wilayah.id', port=443): Max retries exceeded with url: /api/regencies/19.json (Caused by SSLError(SSLEOFError(8, '[SSL: UNEXPECTED_EOF_WHILE_READING] EOF occurred in violation of protocol (_ssl.c:1006)')))
2026-09-26 23:26:19,656 | ERROR | Gagal mengambil regency 21: HTTPSConnectionPool(host='wilayah.id', port=443): Max retries exceeded with url: /api/regencies/21.json (Caused by SSLError(SSLEOFError(8, '[SSL: UNEXPECTED_EOF_WHILE_READING] EOF occurred in violation of protocol (_ssl.c:1006)')))
2026-09-26 23:26:47,591 | ERROR | Gagal mengambil regency 31: HTTPSConnectionPool(host='wilayah.id', port=443): Max retries exceeded with url: /api/regencies/31.json (Caused by SSLError(SSLEOFError(8, '[SSL: UNEXPECTED_EOF_WHILE_READING] EOF occurred in violation of protocol (_ssl.c:1006)')))
2026-09-26 23:27:14,213 | ERROR | Gagal mengambil regency 32: HTTPSConnectionPool(host='wilayah.id', port=443): Max retries exceeded with url: /api/regencies/32.json (Caused by SSLError(SSLEOFError(8, '[SSL: UNEXPECTED_EOF_WHILE_READING] EOF occurred in violation of protocol (_ssl.c:1006)')))
2026-09-26 23:27:42,344 | ERROR | Gagal mengambil regency 33: HTTPSConnectionPool(host='wilayah.id', port=443): Max retries exceeded with url: /api/regencies/33.json (Caused by SSLError(SSLEOFError(8, '[SSL: UNEXPECTED_EOF_WHILE_READING] EOF occurred in violation of protocol (_ssl.c:1006)')))
2026-09-26 23:28:09,514 | ERROR | Gagal mengambil regency 34: HTTPSConnectionPool(host='wilayah.id', port=443): Max retries exceeded with url: /api/regencies/34.json (Caused by SSLError(SSLEOFError(8, '[SSL: UNEXPECTED_EOF_WHILE_READING] EOF occurred in violation of protocol (_ssl.c:1006)')))
2026-09-26 23:28:37,793 | ERROR | Gagal mengambil regency 35: HTTPSConnectionPool(host='wilayah.id', port=443): Max retries exceeded with url: /api/regencies/35.json (Caused by SSLError(SSLEOFError(8, '[SSL: UNEXPECTED_EOF_WHILE_READING] EOF occurred in violation of protocol (_ssl.c:1006)')))
2026-09-26 23:29:05,246 | ERROR | Gagal mengambil regency 36: ('Connection aborted.', ConnectionAbortedError(10053, 'An established connection was aborted by the software in your host machine', None, 10053, None))
2026-09-26 23:29:34,610 | ERROR | Gagal mengambil regency 51: HTTPSConnectionPool(host='wilayah.id', port=443): Max retries exceeded with url: /api/regencies/51.json (Caused by SSLError(SSLEOFError(8, '[SSL: UNEXPECTED_EOF_WHILE_READING] EOF occurred in violation of protocol (_ssl.c:1006)')))
2026-09-26 23:30:02,295 | ERROR | Gagal mengambil regency 52: HTTPSConnectionPool(host='wilayah.id', port=443): Max retries exceeded with url: /api/regencies/52.json (Caused by SSLError(SSLEOFError(8, '[SSL: UNEXPECTED_EOF_WHILE_READING] EOF occurred in violation of protocol (_ssl.c:1006)')))
2026-09-26 23:30:30,720 | ERROR | Gagal mengambil regency 53: HTTPSConnectionPool(host='wilayah.id', port=443): Max retries exceeded with url: /api/regencies/53.json (Caused by SSLError(SSLEOFError(8, '[SSL: UNEXPECTED_EOF_WHILE_READING] EOF occurred in violation of protocol (_ssl.c:1006)')))
2026-09-26 23:30:55,954 | ERROR | Gagal mengambil regency 61: HTTPSConnectionPool(host='wilayah.id', port=443): Max retries exceeded with url: /api/regencies/61.json (Caused by SSLError(SSLEOFError(8, '[SSL: UNEXPECTED_EOF_WHILE_READING] EOF occurred in violation of protocol (_ssl.c:1006)')))
2026-09-26 23:31:24,897 | ERROR | Gagal mengambil regency 62: HTTPSConnectionPool(host='wilayah.id', port=443): Max retries exceeded with url: /api/regencies/62.json (Caused by SSLError(SSLEOFError(8, '[SSL: UNEXPECTED_EOF_WHILE_READING] EOF occurred in violation of protocol (_ssl.c:1006)')))
2026-09-26 23:31:53,293 | ERROR | Gagal mengambil regency 63: HTTPSConnectionPool(host='wilayah.id', port=443): Max retries exceeded with url: /api/regencies/63.json (Caused by SSLError(SSLEOFError(8, '[SSL: UNEXPECTED_EOF_WHILE_READING] EOF occurred in violation of protocol (_ssl.c:1006)')))
2026-09-26 23:32:21,508 | ERROR | Gagal mengambil regency 64: HTTPSConnectionPool(host='wilayah.id', port=443): Max retries exceeded with url: /api/regencies/64.json (Caused by SSLError(SSLEOFError(8, '[SSL: UNEXPECTED_EOF_WHILE_READING] EOF occurred in violation of protocol (_ssl.c:1006)')))
2026-09-26 23:32:47,907 | ERROR | Gagal mengambil regency 65: HTTPSConnectionPool(host='wilayah.id', port=443): Max retries exceeded with url: /api/regencies/65.json (Caused by SSLError(SSLEOFError(8, '[SSL: UNEXPECTED_EOF_WHILE_READING] EOF occurred in violation of protocol (_ssl.c:1006)')))
2026-09-26 23:33:14,076 | ERROR | Gagal mengambil regency 71: ('Connection aborted.', ConnectionAbortedError(10053, 'An established connection was aborted by the software in your host machine', None, 10053, None))
2026-09-26 23:33:41,513 | ERROR | Gagal mengambil regency 72: HTTPSConnectionPool(host='wilayah.id', port=443): Max retries exceeded with url: /api/regencies/72.json (Caused by SSLError(SSLEOFError(8, '[SSL: UNEXPECTED_EOF_WHILE_READING] EOF occurred in violation of protocol (_ssl.c:1006)')))
2026-09-26 23:34:04,373 | ERROR | Gagal mengambil regency 73: HTTPSConnectionPool(host='wilayah.id', port=443): Max retries exceeded with url: /api/regencies/73.json (Caused by SSLError(SSLEOFError(8, '[SSL: UNEXPECTED_EOF_WHILE_READING] EOF occurred in violation of protocol (_ssl.c:1006)')))
2026-09-26 23:34:28,576 | ERROR | Gagal mengambil regency 74: HTTPSConnectionPool(host='wilayah.id', port=443): Max retries exceeded with url: /api/regencies/74.json (Caused by SSLError(SSLEOFError(8, '[SSL: UNEXPECTED_EOF_WHILE_READING] EOF occurred in violation of protocol (_ssl.c:1006)')))
2026-09-26 23:34:51,997 | ERROR | Gagal mengambil regency 75: HTTPSConnectionPool(host='wilayah.id', port=443): Max retries exceeded with url: /api/regencies/75.json (Caused by SSLError(SSLEOFError(8, '[SSL: UNEXPECTED_EOF_WHILE_READING] EOF occurred in violation of protocol (_ssl.c:1006)')))
2026-09-26 23:34:58,682 | ERROR | Gagal mengambil regency 76: HTTPSConnectionPool(host='wilayah.id', port=443): Max retries exceeded with url: /api/regencies/76.json (Caused by SSLError(SSLEOFError(8, '[SSL: UNEXPECTED_EOF_WHILE_READING] EOF occurred in violation of protocol (_ssl.c:1006)')))
2026-09-26 23:40:25,151 | ERROR | Gagal village 81.08.17: HTTPSConnectionPool(host='wilayah.id', port=443): Max retries exceeded with url: /api/villages/81.08.17.json (Caused by SSLError(SSLEOFError(8, '[SSL: UNEXPECTED_EOF_WHILE_READING] EOF occurred in violation of protocol (_ssl.c:1006)')))
2026-09-26 23:40:38,893 | ERROR | Gagal village 81.09.02: HTTPSConnectionPool(host='wilayah.id', port=443): Max retries exceeded with url: /api/villages/81.09.02.json (Caused by SSLError(SSLEOFError(8, '[SSL: UNEXPECTED_EOF_WHILE_READING] EOF occurred in violation of protocol (_ssl.c:1006)')))
2026-09-26 23:43:06,047 | ERROR | Gagal village 82.03.10: HTTPSConnectionPool(host='wilayah.id', port=443): Max retries exceeded with url: /api/villages/82.03.10.json (Caused by SSLError(SSLEOFError(8, '[SSL: UNEXPECTED_EOF_WHILE_READING] EOF occurred in violation of protocol (_ssl.c:1006)')))
2026-09-27 00:14:30,078 | ERROR | Gagal village 95.07.21: HTTPSConnectionPool(host='wilayah.id', port=443): Max retries exceeded with url: /api/villages/95.07.21.json (Caused by SSLError(SSLEOFError(8, '[SSL: UNEXPECTED_EOF_WHILE_READING] EOF occurred in violation of protocol (_ssl.c:1006)')))
2026-09-27 00:19:08,863 | INFO | Database wilayah selesai.
2026-09-27 00:19:10,129 | INFO | Memproses baris 1: mojokerto
2026-09-27 06:49:11,262 | INFO | Program dimulai.
2026-09-27 06:49:11,262 | INFO | Memuat database wilayah lokal.
2026-09-27 06:49:12,480 | INFO | Memproses baris 1: mojokerto
2026-09-27 06:49:12,936 | INFO | Query: mojokerto, Indonesia
2026-09-27 06:49:14,843 | INFO | Memproses baris 2: taman
2026-09-27 06:49:15,279 | INFO | Query: taman, Indonesia
2026-09-27 06:49:16,883 | INFO | Memproses baris 3: citra harmoni
2026-09-27 06:49:17,378 | INFO | Query: citra harmoni, Armo, Sarmi, Kabupaten Sarmi, Papua, Indonesia
2026-09-27 06:49:18,623 | INFO | Query: citra harmoni, Sarmi, Kabupaten Sarmi, Papua, Indonesia
2026-09-27 06:49:20,389 | INFO | Query: citra harmoni, Kabupaten Sarmi, Papua, Indonesia
2026-09-27 06:49:22,142 | INFO | Query: citra harmoni, Papua, Indonesia
2026-09-27 06:49:23,547 | INFO | Memproses baris 4: jl. Ahmad yani
2026-09-27 06:49:24,026 | INFO | Query: jl. Ahmad yani, Indonesia
2026-09-27 06:49:25,578 | INFO | Program selesai.
